// Jest Snapshot v1, https://goo.gl/fbAQLP

exports[`App should match the snapshot with all data passed in 1`] = `
<div
  className="Header"
>
  <h1>
    PARADE PLANNER
  </h1>
  <h2>
    ULTIMATE MARDI GRAS EDITION
  </h2>
</div>
`;
